// Jest Snapshot v1, https://goo.gl/fbAQLP

exports[`should render Badge 1`] = `
<div
  className="Badge__root"
>
  2 new
</div>
`;
